# RTL_ID 22011200
#
# Events:
#    N - no event
#    E - exception
#    I - interrupt
#    W - wakeup
# =====================================================================================
# : Core Reset
# =====================================================================================
# Test: illegal.hex
#           Time   Ev  Curr_PC    Instr      Next_PC    Reg        Value     
# =====================================================================================
               3   N   00000000   00000000   00002000   ---        --------
               6   N   00002000   0000e101   00002004   x10_a0     00000000
               7   N   00002004   00004e01   00002006   ---        --------
               8   N   00002006   fffff297   00002008   x28_t3     00000000
               9   N   00002008   ff828293   0000200c   x05_t0     00001008
              10   N   0000200c   30529073   00002010   x05_t0     00001000
              11   N   00002010   00004505   00002014   ---        --------
              12   N   00002014   0000057e   00002016   x10_a0     00000001
              13   N   00002016   00054863   00002018   x10_a0     80000000
              14   N   00002018   0ff0000f   00002028   ---        --------
              17   N   00002028   00028f63   0000202c   x05_t0     00000000
              18   N   0000202c   10529073   0000204a   ---        --------
              22   N   0000204a   00006509   0000204e   ---        --------
              23   N   0000204e   00006509   0000204e   ---        --------
              24   N   0000204e   80050513   00002050   x10_a0     00002000
              25   N   00002050   30052073   00002054   x10_a0     00001800
              26   N   00002054   00001297   00002058   ---        --------
              27   N   00002058   00001297   00002058   ---        --------
              28   N   00002058   0a828293   0000205c   x05_t0     00003058
              29   N   0000205c   34129073   00002060   x05_t0     00003100
              30   N   00002060   f1402573   00002064   ---        --------
              31   N   00002064   30200073   00002068   x10_a0     00000000
              33   N   00002068   00000000   00003100   ---        --------
              36   N   00003100   00000000   00003104   x28_t3     00000002
              37   E   00003104   00000000   00001000   mstatus    00001800
              37   E   00003104   00000000   00001000   mepc       00003104
              37   E   00003104   00000000   00001000   mcause     00000002
              37   E   00003104   00000000   00001000   mtval      00000000
              40   N   00001000   000047a1   00001004   x14_a4     00000002
              41   N   00001004   04f70763   00001006   x15_a5     00000008
              42   N   00001006   000047a5   0000100a   ---        --------
              43   N   0000100a   04f70463   0000100c   x15_a5     00000009
              44   N   0000100c   000047ad   00001010   ---        --------
              45   N   00001010   04f70163   00001012   x15_a5     0000000b
              46   N   00001012   00004789   00001016   ---        --------
              47   N   00001016   02f71b63   00001018   x15_a5     00000002
              48   N   00001018   f0000837   0000101c   ---        --------
              49   N   0000101c   00002897   00001020   x16_a6     f0000000
              50   N   00001020   52088893   00001024   x17_a7     00003020
              51   N   00001024   00088783   00001028   x17_a7     00003540
              53   N   00001028   0000c791   0000102c   x15_a5     00000069
              54   N   0000102c   00f82023   0000102e   ---        --------
              56   N   0000102e   00000885   00001032   ---        --------
              57   N   00001032   ff5ff06f   00001034   x17_a7     00003541
              58   N   00001034   00002717   00001028   ---        --------
              62   N   00001028   0000c791   0000102c   x15_a5     0000006c
              63   N   0000102c   00f82023   0000102e   ---        --------
              65   N   0000102e   00000885   00001032   ---        --------
              66   N   00001032   ff5ff06f   00001034   x17_a7     00003542
              67   N   00001034   00002717   00001028   ---        --------
              71   N   00001028   0000c791   0000102c   x15_a5     0000006c
              72   N   0000102c   00f82023   0000102e   ---        --------
              74   N   0000102e   00000885   00001032   ---        --------
              75   N   00001032   ff5ff06f   00001034   x17_a7     00003543
              76   N   00001034   00002717   00001028   ---        --------
              80   N   00001028   0000c791   0000102c   x15_a5     00000065
              81   N   0000102c   00f82023   0000102e   ---        --------
              83   N   0000102e   00000885   00001032   ---        --------
              84   N   00001032   ff5ff06f   00001034   x17_a7     00003544
              85   N   00001034   00002717   00001028   ---        --------
              89   N   00001028   0000c791   0000102c   x15_a5     00000067
              90   N   0000102c   00f82023   0000102e   ---        --------
              92   N   0000102e   00000885   00001032   ---        --------
              93   N   00001032   ff5ff06f   00001034   x17_a7     00003545
              94   N   00001034   00002717   00001028   ---        --------
              98   N   00001028   0000c791   0000102c   x15_a5     00000061
              99   N   0000102c   00f82023   0000102e   ---        --------
             101   N   0000102e   00000885   00001032   ---        --------
             102   N   00001032   ff5ff06f   00001034   x17_a7     00003546
             103   N   00001034   00002717   00001028   ---        --------
             107   N   00001028   0000c791   0000102c   x15_a5     0000006c
             108   N   0000102c   00f82023   0000102e   ---        --------
             110   N   0000102e   00000885   00001032   ---        --------
             111   N   00001032   ff5ff06f   00001034   x17_a7     00003547
             112   N   00001034   00002717   00001028   ---        --------
             116   N   00001028   0000c791   0000102c   x15_a5     00000020
             117   N   0000102c   00f82023   0000102e   ---        --------
             119   N   0000102e   00000885   00001032   ---        --------
             120   N   00001032   ff5ff06f   00001034   x17_a7     00003548
             121   N   00001034   00002717   00001028   ---        --------
             125   N   00001028   0000c791   0000102c   x15_a5     00000074
             126   N   0000102c   00f82023   0000102e   ---        --------
             128   N   0000102e   00000885   00001032   ---        --------
             129   N   00001032   ff5ff06f   00001034   x17_a7     00003549
             130   N   00001034   00002717   00001028   ---        --------
             134   N   00001028   0000c791   0000102c   x15_a5     00000072
             135   N   0000102c   00f82023   0000102e   ---        --------
             137   N   0000102e   00000885   00001032   ---        --------
             138   N   00001032   ff5ff06f   00001034   x17_a7     0000354a
             139   N   00001034   00002717   00001028   ---        --------
             143   N   00001028   0000c791   0000102c   x15_a5     00000061
             144   N   0000102c   00f82023   0000102e   ---        --------
             146   N   0000102e   00000885   00001032   ---        --------
             147   N   00001032   ff5ff06f   00001034   x17_a7     0000354b
             148   N   00001034   00002717   00001028   ---        --------
             152   N   00001028   0000c791   0000102c   x15_a5     00000070
             153   N   0000102c   00f82023   0000102e   ---        --------
             155   N   0000102e   00000885   00001032   ---        --------
             156   N   00001032   ff5ff06f   00001034   x17_a7     0000354c
             157   N   00001034   00002717   00001028   ---        --------
             161   N   00001028   0000c791   0000102c   x15_a5     00000000
             162   N   0000102c   00f82023   00001038   ---        --------
             165   N   00001038   2c870713   0000103c   x14_a4     00003038
             166   N   0000103c   0000c311   00001040   x14_a4     00003300
             167   N   00001040   00008702   00001042   ---        --------
             168   N   00001042   34202773   00003300   ---        --------
             171   N   00003300   e55ff06f   00003340   ---        --------
             174   N   00003340   342022f3   00003344   x06_t1     00000002
             175   N   00003344   ea629ae3   00003348   x05_t0     00000002
             176   N   00003348   341022f3   0000334c   ---        --------
             177   N   0000334c   343023f3   00003350   x05_t0     00003104
             178   N   00003350   00038e63   00003354   x07_t2     00000000
             179   N   00003354   0002d303   00003370   ---        --------
             182   N   00003370   d9430313   00003374   x06_t1     00003370
             183   N   00003374   04628e63   00003378   x06_t1     00003104
             184   N   00003378   00000317   000033d4   ---        --------
             187   N   000033d4   34129073   000033d8   x05_t0     0000310c
             188   N   000033d8   30200073   000033dc   ---        --------
             190   N   000033dc   00200337   0000310c   ---        --------
             193   N   0000310c   80028293   00003110   x05_t0     00002000
             194   N   00003110   3002b073   00003114   x05_t0     00001800
             195   N   00003114   00001337   00003118   ---        --------
             196   N   00003118   00001337   00003118   ---        --------
             197   N   00003118   80030313   0000311c   x06_t1     00001000
             198   N   0000311c   30032073   00003120   x06_t1     00000800
             199   N   00003120   300023f3   00003124   ---        --------
             200   N   00003124   300023f3   00003124   ---        --------
             201   N   00003124   0053f3b3   00003128   x07_t2     00001880
             202   N   00003128   0e731063   0000312c   x07_t2     00001800
             203   N   0000312c   34415073   0000320c   ---        --------
             206   N   0000320c   000e0593   00003210   ---        --------
             207   N   00003210   00000513   00003214   x11_a1     00000002
             208   N   00003214   00000073   00003218   x10_a0     00000000
             209   E   00003218   00000013   00001000   mstatus    00001800
             209   E   00003218   00000013   00001000   mepc       00003218
             209   E   00003218   00000013   00001000   mcause     0000000b
             209   E   00003218   00000013   00001000   mtval      00000000
             212   N   00001000   000047a1   00001004   x14_a4     0000000b
             213   N   00001004   04f70763   00001006   x15_a5     00000008
             214   N   00001006   000047a5   0000100a   ---        --------
             215   N   0000100a   04f70463   0000100c   x15_a5     00000009
             216   N   0000100c   000047ad   00001010   ---        --------
             217   N   00001010   04f70163   00001012   x15_a5     0000000b
             218   N   00001012   00004789   00001054   ---        --------
             221   N   00001054   00000013   00003500   ---        --------
             224   N   00003500   bf428293   00003504   x05_t0     00000500
             225   N   00003504   00008282   00003508   x05_t0     000000f4
             226   N   00003508   00000013   000000f4   ---        --------
             229   N   000000f4   0000006f   000000f8   ---        --------
             230   N   000000f8   ffffffff   000000f8   ---        --------
